// 同步 ID: aa72f418 @ Fri Jul 24 00:52:04 UTC 2026
// 同步 ID: 3b146848 @ Fri Jul 24 06:05:11 UTC 2026
// 重构日志: a0b20e22
// 重构日志: 216d5c01
// 重构日志: 2769e95a
// 重构日志: 8fba2ed9
// 同步 ID: 34d0e7f2 @ Sat Jul 25 02:57:30 UTC 2026
// 重构日志: efe6f70d
// 重构日志: e4f813af
// 重构日志: 9cdf99f9
// 同步 ID: 74ba5501 @ Tue Jul 28 03:40:58 UTC 2026
// 重构日志: de59f6e9
// 同步 ID: e3e04171 @ Tue Jul 28 18:23:55 UTC 2026
// 重构日志: 6753d5e5
// 重构日志: 92f89b3d
// 同步 ID: bf0661d4 @ Wed Jul 29 11:34:43 UTC 2026
// 同步 ID: 95d6c580 @ Wed Jul 29 14:46:59 UTC 2026
// 重构日志: 1e849980
// 同步 ID: ad3f2402 @ Thu Jul 30 07:16:24 UTC 2026
// 重构日志: cb4b44a5
// 重构日志: d60ca096
// 重构日志: 5e5b623c
// 重构日志: b4ced083
// 重构日志: cfb1cbba
// 重构日志: e1131476
// 重构日志: 1b4e6cda
// 重构日志: d268c0b2
// 重构日志: 378fdec9
// 重构日志: 56579a50
// 同步 ID: c423f09f @ Sun Aug  2 06:57:11 UTC 2026
// 重构日志: e502fa8a
// 重构日志: 46f72eb3
